

U-Boot 2016.01-g5722f9f-dirty (Jul 09 2018 - 13:40:11 +0800)

CPU:   NXP S32V234 V2.0 at 1000 MHz
Reset cause: unknown reset
Board: rda600
I2C:   ready
DRAM:  2 GiB
All (4) cores are up.
MMC:   FSL_SDHC: 0
*** Warning - bad CRC, using default environment

In:    serial
Out:   serial
Err:   serial
reading cse.bin
17408 bytes read
Net:   
Warning: System is using default MAC address. Please set a new value
FEC
Hit any key to stop autoboot:  3  2  1  0 
switch to partitions #0, OK
mmc0 is current device
reading Image
6125384 bytes read in 514 ms (11.4 MiB/s)
Booting from mmc ...
reading rda600.dtb
21689 bytes read in 7 ms (3 MiB/s)
## Flattened Device Tree blob at 82000000
   Booting using the fdt blob at 0x82000000
   reserving fdt memory region: addr=80000000 size=10000
   Loading Device Tree to 000000009fff7000, end 000000009ffff4b8 ... OK

Starting kernel ...

[    0.000000] Booting Linux on physical CPU 0x0
[    0.000000] Initializing cgroup subsys cpu
[    0.000000] Linux version 4.1.26-rt29 (chris@qzsw-R730) (gcc version 4.9.3 20150413 (prerelease) (Linaro GCC 4.9-2015.05) ) #5 SMP PREEMPT Mon Jul 9 18:26:08 CST 2018
[    0.000000] CPU: AArch64 Processor [410fd034] revision 4
[    0.000000] Detected VIPT I-cache on CPU0
[    0.000000] alternatives: enabling workaround for ARM erratum 845719
[    0.000000] cma: Reserved 32 MiB at 0x00000000fe000000
[    0.000000] PERCPU: Embedded 15 pages/cpu @ffffffc07df9a000 s23616 r8192 d29632 u61440
[    0.000000] Built 1 zonelists in Zone order, mobility grouping on.  Total pages: 471670
[    0.000000] Kernel command line: console=ttyLF0,115200 root=/dev/mmcblk0p2 rootwait rw
[    0.000000] PID hash table entries: 4096 (order: 3, 32768 bytes)
[    0.000000] Dentry cache hash table entries: 262144 (order: 9, 2097152 bytes)
[    0.000000] Inode-cache hash table entries: 131072 (order: 8, 1048576 bytes)
[    0.000000] software IO TLB [mem 0xf7a00000-0xfba00000] (64MB) mapped at [ffffffc077a00000-ffffffc07b9fffff]
[    0.000000] Memory: 1775148K/1912832K available (4046K kernel code, 253K rwdata, 1476K rodata, 188K init, 677K bss, 104916K reserved, 32768K cma-reserved)
[    0.000000] Virtual kernel memory layout:
[    0.000000]     vmalloc : 0xffffff8000000000 - 0xffffffbdffff0000   (   247 GB)
[    0.000000]     vmemmap : 0xffffffbe00000000 - 0xffffffbfc0000000   (     7 GB maximum)
[    0.000000]               0xffffffbe00000000 - 0xffffffbe01c00000   (    28 MB actual)
[    0.000000]     fixed   : 0xffffffbffabfd000 - 0xffffffbffac00000   (    12 KB)
[    0.000000]     PCI I/O : 0xffffffbffae00000 - 0xffffffbffbe00000   (    16 MB)
[    0.000000]     modules : 0xffffffbffc000000 - 0xffffffc000000000   (    64 MB)
[    0.000000]     memory  : 0xffffffc000000000 - 0xffffffc080000000   (  2048 MB)
[    0.000000]       .init : 0xffffffc0005e6000 - 0xffffffc000615000   (   188 KB)
[    0.000000]       .text : 0xffffffc000080000 - 0xffffffc0005e50f4   (  5525 KB)
[    0.000000]       .data : 0xffffffc000618000 - 0xffffffc000657748   (   254 KB)
[    0.000000] Preemptible hierarchical RCU implementation.
[    0.000000] 	RCU dyntick-idle grace-period acceleration is enabled.
[    0.000000] 	Additional per-CPU info printed with stalls.
[    0.000000] NR_IRQS:64 nr_irqs:64 0
[    0.000000] Architected cp15 timer(s) running at 10.00MHz (virt).
[    0.000000] clocksource arch_sys_counter: mask: 0xffffffffffffff max_cycles: 0x24e6a1710, max_idle_ns: 440795202120 ns
[    0.000004] sched_clock: 56 bits at 10MHz, resolution 100ns, wraps every 4398046511100ns
[    0.000365] Console: colour dummy device 80x25
[    0.000376] Calibrating delay loop (skipped), value calculated using timer frequency.. 20.00 BogoMIPS (lpj=100000)
[    0.000386] pid_max: default: 32768 minimum: 301
[    0.000477] Security Framework initialized
[    0.000616] Mount-cache hash table entries: 4096 (order: 3, 32768 bytes)
[    0.000625] Mountpoint-cache hash table entries: 4096 (order: 3, 32768 bytes)
[    0.001321] hw perfevents: enabled with arm/armv8-pmuv3 PMU driver, 7 counters available
[    0.080350] CPU1: Booted secondary processor
[    0.080356] Detected VIPT I-cache on CPU1
[    0.100343] CPU2: Booted secondary processor
[    0.100350] Detected VIPT I-cache on CPU2
[    0.120348] CPU3: Booted secondary processor
[    0.120353] Detected VIPT I-cache on CPU3
[    0.120431] Brought up 4 CPUs
[    0.120454] SMP: Total of 4 processors activated.
[    0.120459] CPU: All CPU(s) started at EL1
[    0.120490] alternatives: patching kernel code
[    0.121172] devtmpfs: initialized
[    0.125611] clocksource jiffies: mask: 0xffffffff max_cycles: 0xffffffff, max_idle_ns: 19112604462750000 ns
[    0.126989] pinctrl core: initialized pinctrl subsystem
[    0.127792] NET: Registered protocol family 16
[    0.160443] cpuidle: using governor ladder
[    0.210154] cpuidle: using governor menu
[    0.210211] vdso: 2 pages (1 code @ ffffffc00061d000, 1 data @ ffffffc00061c000)
[    0.210252] hw-breakpoint: found 6 breakpoint and 4 watchpoint registers.
[    0.211986] DMA: preallocated 256 KiB pool for atomic allocations
[    0.264809] imx-i2c 40051000.i2c: could not find pctldev for node /soc/aips-bus@40000000/siul2/siul2-pinctrl@4006C000/s32v234-evb/i2c0grp, deferring probe
[    0.264912] imx-i2c 400b8000.i2c: could not find pctldev for node /soc/aips-bus@40000000/siul2/siul2-pinctrl@4006C000/s32v234-evb/i2c1grp, deferring probe
[    0.264941] imx-i2c 400ba000.i2c: could not find pctldev for node /soc/aips-bus@40000000/siul2/siul2-pinctrl@4006C000/s32v234-evb/i2c2grp, deferring probe
[    0.265056] pps_core: LinuxPPS API ver. 1 registered
[    0.265064] pps_core: Software ver. 5.3.6 - Copyright 2005-2007 Rodolfo Giometti <giometti@linux.it>
[    0.265095] PTP clock support registered
[    0.265993] Switched to clocksource arch_sys_counter
[    0.275542] NET: Registered protocol family 2
[    0.276187] TCP established hash table entries: 16384 (order: 5, 131072 bytes)
[    0.276357] TCP bind hash table entries: 16384 (order: 6, 262144 bytes)
[    0.276649] TCP: Hash tables configured (established 16384 bind 16384)
[    0.276735] UDP hash table entries: 1024 (order: 3, 32768 bytes)
[    0.276789] UDP-Lite hash table entries: 1024 (order: 3, 32768 bytes)
[    0.277017] NET: Registered protocol family 1
[    0.277302] RPC: Registered named UNIX socket transport module.
[    0.277310] RPC: Registered udp transport module.
[    0.277315] RPC: Registered tcp transport module.
[    0.277321] RPC: Registered tcp NFSv4.1 backchannel transport module.
[    0.278615] futex hash table entries: 1024 (order: 4, 65536 bytes)
[    0.279297] HugeTLB registered 2 MB page size, pre-allocated 0 pages
[    0.280632] fuse init (API version 7.23)
[    0.281563] Block layer SCSI generic (bsg) driver version 0.4 loaded (major 251)
[    0.281581] io scheduler noop registered
[    0.281594] io scheduler deadline registered
[    0.281647] io scheduler cfq registered (default)
[    0.282132] s32v234-siul2-pinctrl 4006c240.siul2-pinctrl: initialized s32 pinctrl driver
[    0.285442] fsl_dcu 40028000.dcu: DCU: surface memory space is [0xC0000000, 0xC1000000].
[    0.286275] fsl_dcu 40028000.dcu: Selected video mode on </dev/fb0> : <1920 x 1080>
[    0.286657] fsl_dcu 40028000.dcu: Selected video mode on </dev/fb1> : <1920 x 1080>
[    0.287013] fsl_dcu 40028000.dcu: Selected video mode on </dev/fb2> : <1920 x 1080>
[    0.287373] fsl_dcu 40028000.dcu: Selected video mode on </dev/fb3> : <1920 x 1080>
[    0.287735] fsl_dcu 40028000.dcu: Selected video mode on </dev/fb4> : <1920 x 1080>
[    0.288089] fsl_dcu 40028000.dcu: Selected video mode on </dev/fb5> : <1920 x 1080>
[    0.288454] fsl_dcu 40028000.dcu: Selected video mode on </dev/fb6> : <1920 x 1080>
[    0.288819] fsl_dcu 40028000.dcu: Selected video mode on </dev/fb7> : <1920 x 1080>
[    0.289743] 40053000.serial: ttyLF0 at MMIO 0x40053000 (irq = 23, base_baud = 4166666) is a FSL_LINFLEX
[    0.981038] console [ttyLF0] enabled
[    0.985523] 400bc000.serial: ttyLF1 at MMIO 0x400bc000 (irq = 42, base_baud = 4166666) is a FSL_LINFLEX
[    0.996632] Unable to detect cache hierarcy from DT for CPU 0
[    1.007247] loop: module loaded
[    1.010736] KGDB: Registered I/O driver kgdbts
[    1.066022] kgdbts:RUN plant and detach test

Entering kdb (current=0xffffffc077078c80, pid 1) on processor 2 due to Keyboard Entry
[2]kdb> [    1.080231] kgdbts:RUN sw breakpoint test
[    1.085122] kgdbts:RUN bad memory access test
[    1.090015] kgdbts:RUN singlestep test 1000 iterations
[    1.096678] kgdbts:RUN singlestep [0/1000]
[    1.197389] kgdbts:RUN singlestep [100/1000]
[    1.298124] kgdbts:RUN singlestep [200/1000]
[    1.398872] kgdbts:RUN singlestep [300/1000]
[    1.499612] kgdbts:RUN singlestep [400/1000]
[    1.600358] kgdbts:RUN singlestep [500/1000]
[    1.701113] kgdbts:RUN singlestep [600/1000]
[    1.801866] kgdbts:RUN singlestep [700/1000]
[    1.902625] kgdbts:RUN singlestep [800/1000]
[    2.003373] kgdbts:RUN singlestep [900/1000]
[    2.103211] kgdbts:RUN do_fork for 100 breakpoints
[    2.109176] BUG: workqueue leaked lock or atomic: kworker/u8:1/0x00000001/30
[    2.109176]      last function: __call_usermodehelper
[    2.122763] CPU: 0 PID: 30 Comm: kworker/u8:1 Not tainted 4.1.26-rt29 #5
[    2.123176] tun: Universal TUN/TAP device driver, 1.6
[    2.123179] tun: (C) 1999-2004 Max Krasnyansky <maxk@qualcomm.com>
[    2.124469] pps pps0: new PPS source ptp0
[    2.147028] Hardware name: Freescale S32V234 (DT)
[    2.152236] Workqueue: khelper __call_usermodehelper
[    2.157728] Call trace:
[    2.160434] [<ffffffc0000873d4>] dump_backtrace+0x0/0x104
[    2.166408] [<ffffffc0000874ec>] show_stack+0x14/0x1c
[    2.171998] [<ffffffc000466924>] dump_stack+0x84/0xa8
[    2.177587] [<ffffffc0000a91fc>] process_one_work+0x208/0x2f4
[    2.183945] [<ffffffc0000a9854>] worker_thread+0x290/0x3b4
[    2.190016] [<ffffffc0000ad864>] kthread+0xd0/0xd8
[    2.195798] BUG: workqueue leaked lock or atomic: kworker/u8:1/0x00000001/30
[    2.195798]      last function: __call_usermodehelper
[    2.209384] CPU: 0 PID: 30 Comm: kworker/u8:1 Not tainted 4.1.26-rt29 #5
[    2.211173] libphy: fec_enet_mii_bus: probed
[    2.221554] Hardware name: Freescale S32V234 (DT)
[    2.226761] Workqueue: khelper __call_usermodehelper
[    2.232253] Call trace:
[    2.234957] [<ffffffc0000873d4>] dump_backtrace+0x0/0x104
[    2.236009] fec 40032000.ethernet (unnamed net_device) (uninitialized): MDIO timeout
[    2.236641] fec 40032000.ethernet eth0: registered PHC device 0
[    2.237298] i2c /dev entries driver
[    2.237911] sac58r-wdt 4000a000.swt: SAC58R/S32V234 Watchdog Timer Registered. timeout=30s (nowayout=0)
[    2.238069] sdhci: Secure Digital Host Controller Interface driver
[    2.238071] sdhci: Copyright(c) Pierre Ossman
[    2.238078] sdhci-pltfm: SDHCI platform and OF driver helper
[    2.238934] /soc/aips-bus@40000000/usdhc@4005D000: voltage-ranges unspecified
[    2.239105] sdhci-esdhc-imx 4005d000.usdhc: No vmmc regulator found
[    2.239110] sdhci-esdhc-imx 4005d000.usdhc: No vqmmc regulator found
[    2.310043] [<ffffffc0000874ec>] show_stack+0x14/0x1c
[    2.315633] [<ffffffc000466924>] dump_stack+0x84/0xa8
[    2.321222] [<ffffffc0000a91fc>] process_one_work+0x208/0x2f4
[    2.327580] [<ffffffc0000a9854>] worker_thread+0x290/0x3b4
[    2.333650] [<ffffffc0000ad864>] kthread+0xd0/0xd8
[    2.340508] BUG: workqueue leaked lock or atomic: kworker/u8:1/0x00000001/30
[    2.340508]      last function: __call_usermodehelper
[    2.354095] CPU: 0 PID: 30 Comm: kworker/u8:1 Not tainted 4.1.26-rt29 #5
[    2.361510] Hardware name: Freescale S32V234 (DT)
[    2.366716] Workqueue: khelper __call_usermodehelper
[    2.372209] Call trace:
[    2.374912] [<ffffffc0000873d4>] dump_backtrace+0x0/0x104
[    2.380886] [<ffffffc0000874ec>] show_stack+0x14/0x1c
[    2.386476] [<ffffffc000466924>] dump_stack+0x84/0xa8
[    2.392065] [<ffffffc0000a91fc>] process_one_work+0x208/0x2f4
[    2.396009] mmc0: SDHCI controller on 4005d000.usdhc [4005d000.usdhc] using ADMA
[    2.406604] [<ffffffc0000a9854>] worker_thread+0x290/0x3b4
[    2.412675] [<ffffffc0000ad864>] kthread+0xd0/0xd8
[    2.452963] NET: Registered protocol family 10
[    2.467078] sit: IPv6 over IPv4 tunneling driver
[    2.474391] NET: Registered protocol family 17
[    2.479385] Key type dns_resolver registered
[    2.483429] mmc0: host does not support reading read-only switch, assuming write-enable
[    2.489347] mmc0: new high speed SDHC card at address 0001
[    2.500589] BUG: scheduling while atomic: kthreadd/2/0x00000002
[    2.507330] Modules linked in:[    2.507388] mmcblk0: mmc0:0001 SD16G 15.0 GiB 

[    2.515997] 
[    2.518930] CPU: 3 PID: 2 Comm: kthreadd Not tainted 4.1.26-rt29 #5
[    2.525863] Hardware name: Freescale S32V234 (DT)
[    2.531064] Call trace:
[    2.533772] [<ffffffc0000873d4>] dump_backtrace+0x0/0x104
[    2.539746] [<ffffffc0000874ec>] show_stack+0x14/0x1c
[    2.545336] [<ffffffc000466924>] dump_stack+0x84/0xa8
[    2.550925] [<ffffffc0000b184c>] __schedule_bug+0x90/0xa4
[    2.556899] [<ffffffc000467448>] __schedule+0x74/0x564
[    2.562584] [<ffffffc0004679c8>] schedule+0x90/0xb4
[    2.567980] [<ffffffc0000aded8>] kthreadd+0xa4/0x158
[    2.574666]  mmcblk0: p1 p2
[    2.579462] registered taskstats version 1
[    2.584612] BUG: scheduling while atomic: kthreadd/2/0x00000002
[    2.591354] Modules linked in:
[    2.595842] CPU: 3 PID: 2 Comm: kthreadd Tainted: G        W       4.1.26-rt29 #5
[    2.604123] Hardware name: Freescale S32V234 (DT)
[    2.609323] Call trace:
[    2.612031] [<ffffffc0000873d4>] dump_backtrace+0x0/0x104
[    2.618005] [<ffffffc0000874ec>] show_stack+0x14/0x1c
[    2.623596] [<ffffffc000466924>] dump_stack+0x84/0xa8
[    2.629186] [<ffffffc0000b184c>] __schedule_bug+0x90/0xa4
[    2.635159] [<ffffffc000467448>] __schedule+0x74/0x564
[    2.640844] [<ffffffc0004679c8>] schedule+0x90/0xb4
[    2.646241] [<ffffffc0000aded8>] kthreadd+0xa4/0x158
[    2.655415] i2c i2c-0: IMX I2C adapter registered
[    2.660690] i2c i2c-0: using dma0chan2 (tx) and dma0chan3 (rx) for DMA transfers
[    2.675478] [ds90ub914a_probe] ds90ub914a is found and configured!
[    2.685863] Sii902x: read id = 0xB0-0x02-0x03-0x00
[    2.736971] i2c i2c-1: IMX I2C adapter registered
[    2.742211] i2c i2c-1: using dma0chan18 (tx) and dma0chan19 (rx) for DMA transfers
[    2.752341] i2c i2c-2: IMX I2C adapter registered
[    2.757610] i2c i2c-2: using dma0chan20 (tx) and dma0chan21 (rx) for DMA transfers
[    2.887494] kjournald starting.  Commit interval 5 seconds
[    2.890124] EXT3-fs (mmcblk0p2): using internal journal
[    2.892523] EXT3-fs (mmcblk0p2): recovery complete
[    2.892527] EXT3-fs (mmcblk0p2): mounted filesystem with ordered data mode
[    2.892559] VFS: Mounted root (ext3 filesystem) on device 179:2.
[    2.894525] devtmpfs: mounted
[    2.894689] Freeing unused kernel memory: 188K (ffffffc0005e6000 - ffffffc000615000)
[    2.894696] Freeing alternatives memory: 4K (ffffffc000615000 - ffffffc000616000)
[    2.904544] BUG: scheduling while atomic: kthreadd/2/0x00000002
[    2.904549] Modules linked in:
[    2.904563] Preemption disabled at:[<ffffffc0000fe934>] kgdb_cpu_enter+0x158/0x54c
[    2.904564] 
[    2.904572] CPU: 3 PID: 2 Comm: kthreadd Tainted: G        W       4.1.26-rt29 #5
[    2.904574] Hardware name: Freescale S32V234 (DT)
[    2.904576] Call trace:
[    2.904583] [<ffffffc0000873d4>] dump_backtrace+0x0/0x104
[    2.904588] [<ffffffc0000874ec>] show_stack+0x14/0x1c
[    2.904595] [<ffffffc000466924>] dump_stack+0x84/0xa8
[    2.904601] [<ffffffc0000b184c>] __schedule_bug+0x90/0xa4
[    2.904606] [<ffffffc000467448>] __schedule+0x74/0x564
[    2.904610] [<ffffffc0004679c8>] schedule+0x90/0xb4
[    2.904616] [<ffffffc0000aded8>] kthreadd+0xa4/0x158
[    2.906317] kgdbts: BP mismatch ffffffc000083598 expected ffffffc000094850
[    2.906319] ------------[ cut here ]------------
[    2.906330] WARNING: CPU: 3 PID: 0 at /home/chris/projects/rda600/kernel/linux/drivers/misc/kgdbts.c:329 check_and_rewind_pc+0xb4/0xdc()
[    2.906333] Modules linked in:
[    2.906339] CPU: 3 PID: 0 Comm: swapper/3 Tainted: G        W       4.1.26-rt29 #5
[    2.906341] Hardware name: Freescale S32V234 (DT)
[    2.906342] Call trace:
[    2.906348] [<ffffffc0000873d4>] dump_backtrace+0x0/0x104
[    2.906353] [<ffffffc0000874ec>] show_stack+0x14/0x1c
[    2.906358] [<ffffffc000466924>] dump_stack+0x84/0xa8
[    2.906363] [<ffffffc0000952d4>] warn_slowpath_common+0xa8/0xd0
[    2.906367] [<ffffffc0000953c0>] warn_slowpath_null+0x18/0x20
[    2.906373] [<ffffffc000314008>] check_and_rewind_pc+0xb4/0xdc
[    2.906379] [<ffffffc000313b60>] validate_simple_test+0x30/0xb0
[    2.906384] [<ffffffc0003145b4>] run_simple_test+0x218/0x290
[    2.906390] [<ffffffc000313c2c>] kgdbts_put_char+0x20/0x28
[    2.906395] [<ffffffc0000ff438>] put_packet+0xa0/0x110
[    2.906399] [<ffffffc00010068c>] gdb_serial_stub+0xb5c/0xb8c
[    2.906404] [<ffffffc0000fe998>] kgdb_cpu_enter+0x1bc/0x54c
[    2.906409] [<ffffffc0000fefd0>] kgdb_handle_exception+0x180/0x1c0
[    2.906415] [<ffffffc000090398>] kgdb_step_brk_fn+0x1c/0x28
[    2.906419] [<ffffffc000081fb8>] single_step_handler+0xb0/0xf0
[    2.906424] [<ffffffc000080b30>] do_debug_exception+0x40/0xa8
[    2.906428] Exception stack(0xffffffc0770f7c80 to 0xffffffc0770f7da0)
[    2.906435] 7c80: 770f4000 ffffffc0 00000000 00000000 770f7e40 ffffffc0 00083598 ffffffc0
[    2.906442] 7ca0: 00614480 ffffffc0 00000000 00000000 770f7ce0 ffffffc0 002ac3dc ffffffc0
[    2.906449] 7cc0: 770f7cd0 ffffffc0 00097ae8 ffffffc0 770f7cf0 ffffffc0 0009810c ffffffc0
[    2.906455] 7ce0: 770f7d10 ffffffc0 002ac3dc ffffffc0 0062c900 ffffffc0 7dfc7b48 ffffffc0
[    2.906462] 7d00: 0061f000 ffffffc0 0062cbc0 ffffffc0 770f7d20 ffffffc0 000da29c ffffffc0
[    2.906468] 7d20: 00000000 00000000 00000000 00000000 00000001 00000000 00000000 00000000
[    2.906475] 7d40: 00000000 00000000 7dfc7c00 ffffffc0 00000210 00000000 770f8200 ffffffc0
[    2.906481] 7d60: 770ec840 ffffffc0 770f7ed0 ffffffc0 00000800 00000000 000003ff 00000000
[    2.906487] 7d80: 000003ff 00000000 00000002 00000001 00000002 00000001 00000007 00000000
[    2.906492] [<ffffffc0000834b4>] el1_dbg+0x18/0x6c
[    2.906499] [<ffffffc0000c6944>] cpu_startup_entry+0x23c/0x25c
[    2.906504] [<ffffffc00008ce80>] secondary_start_kernel+0x154/0x160
[    2.906506] ---[ end trace 25e3ef5f3bd7596d ]---
[    2.906515] kgdbts: ERROR PUT: end of test buffer on 'do_fork_test' line 4 expected do_fork got $00000000000000000000000000000000010000000000000000000000000000000000000000000000007cfc7dc0ffffff100200000000000000820f77c0ffffff40c80e77c0ffffffd07e0f77c0ffffff0008000000000000ff03000000000000ff03000000000000020000000100000002000000010000000700000000000000010000000000000000204b00c0ffffff070000000000000000400f77c0ffffff0000000000000000607f0f77c0fffffff8470800c0ffffff4502006000000000400000000000000000000000000000000040708000000000600e0800c0ffffff00a1130a00844221607f0f77c0fffffff4470800c0ffffff407e0f77c0ffffff98350800c0ffffffc50100600000000000000000000000000000000000000000000000000000000000000000000000000000000000000000000000000000000000000000000000000000000000000000000000000000000000000000000000000000000000000000000000000000000000000000000000000000000000000000000000000000000000000000
[    2.906517] ------------[ cut here ]------------
[    2.906524] WARNING: CPU: 3 PID: 0 at /home/chris/projects/rda600/kernel/linux/drivers/misc/kgdbts.c:815 run_simple_test+0x258/0x290()
[    2.906527] Modules linked in:
[    2.906532] CPU: 3 PID: 0 Comm: swapper/3 Tainted: G        W       4.1.26-rt29 #5
[    2.906534] Hardware name: Freescale S32V234 (DT)
[    2.906536] Call trace:
[    2.906541] [<ffffffc0000873d4>] dump_backtrace+0x0/0x104
[    2.906546] [<ffffffc0000874ec>] show_stack+0x14/0x1c
[    2.906551] [<ffffffc000466924>] dump_stack+0x84/0xa8
[    2.906555] [<ffffffc0000952d4>] warn_slowpath_common+0xa8/0xd0
[    2.906559] [<ffffffc0000953c0>] warn_slowpath_null+0x18/0x20
[    2.906565] [<ffffffc0003145f4>] run_simple_test+0x258/0x290
[    2.906570] [<ffffffc000313c2c>] kgdbts_put_char+0x20/0x28
[    2.906575] [<ffffffc0000ff438>] put_packet+0xa0/0x110
[    2.906580] [<ffffffc00010068c>] gdb_serial_stub+0xb5c/0xb8c
[    2.906584] [<ffffffc0000fe998>] kgdb_cpu_enter+0x1bc/0x54c
[    2.906589] [<ffffffc0000fefd0>] kgdb_handle_exception+0x180/0x1c0
[    2.906594] [<ffffffc000090398>] kgdb_step_brk_fn+0x1c/0x28
[    2.906598] [<ffffffc000081fb8>] single_step_handler+0xb0/0xf0
[    2.906603] [<ffffffc000080b30>] do_debug_exception+0x40/0xa8
[    2.906606] Exception stack(0xffffffc0770f7c80 to 0xffffffc0770f7da0)
[    2.906613] 7c80: 770f4000 ffffffc0 00000000 00000000 770f7e40 ffffffc0 00083598 ffffffc0
[    2.906619] 7ca0: 00614480 ffffffc0 00000000 00000000 770f7ce0 ffffffc0 002ac3dc ffffffc0
[    2.906626] 7cc0: 770f7cd0 ffffffc0 00097ae8 ffffffc0 770f7cf0 ffffffc0 0009810c ffffffc0
[    2.906633] 7ce0: 770f7d10 ffffffc0 002ac3dc ffffffc0 0062c900 ffffffc0 7dfc7b48 ffffffc0
[    2.906640] 7d00: 0061f000 ffffffc0 0062cbc0 ffffffc0 770f7d20 ffffffc0 000da29c ffffffc0
[    2.906646] 7d20: 00000000 00000000 00000000 00000000 00000001 00000000 00000000 00000000
[    2.906652] 7d40: 00000000 00000000 7dfc7c00 ffffffc0 00000210 00000000 770f8200 ffffffc0
[    2.906659] 7d60: 770ec840 ffffffc0 770f7ed0 ffffffc0 00000800 00000000 000003ff 00000000
[    2.906665] 7d80: 000003ff 00000000 00000002 00000001 00000002 00000001 00000007 00000000
[    2.906669] [<ffffffc0000834b4>] el1_dbg+0x18/0x6c
[    2.906675] [<ffffffc0000c6944>] cpu_startup_entry+0x23c/0x25c
[    2.906680] [<ffffffc00008ce80>] secondary_start_kernel+0x154/0x160
[    2.906682] ---[ end trace 25e3ef5f3bd7596e ]---Ê[    3.596044] ------------[ cut here ]-----------¿˜XXš¦6æf–vÖv-“sKs;Ó6ƒ«Ó6-4g£ö†631311] Hardware name: Freescal{ÆKs«Ã{¶+“s+c{6+#{6{“+s6Ó&f†6“++kƒ£û«s£û[†ƒö††–ow_stack+0x14/0x1c
G_LOCKS_WARN_ON(val > preempt_count())
[    3.619545] Modules linked in:
[    3.623019] CPU: 3 PID: 0 Comm: swapper/3 Tainted: G        W  631311] Hardware name: Freescale S    3Call trace:913773d4>e+0x0/064504<ffffffc874eow_stack+0x14/0x1c
[    3.650580] [<ffffffc000466924>] dump_stack+0x84/0xa8
[    3.656111] [<ffffffc0000952d4>] warn_slowpath_common+0xa8/0xd0
[    3.662595] [<ffffffc00009534c>] warn_slowpath_fmt+0x50/0x58
[    3.668794] [<ffffffc0000b1f30>] preempt_count_sub+0xa0/0xc0
[    3.674994] [<ffffffc000467d18>] schedule_preempt_disabled+0x10/0x24
[    3.681957] [<ffffffc0000c6960>] cpu_startup_entry+0x258/0x25c
[    3.688346] [<ffffffc00008ce80>] secondary_start_kernel+0x154/0x160
[    3.695261] ---[ end trace 25e3ef5f3bd7596f ]--­
version 2.88 booting
[    3.800424] BUG: scheduling while atomic: kthreadd/2/0x00000002
[    3.806568] Modules linked in:
[    3.809879] Preemption disabled at:[<ffffffc0000fe934>] kgdb_cpu_enter+0x158/0x54c
[    3.818195] 
[    3.819810] CPU: 2 PID: 2 Comm: kthreadd Tainted: G        W       4.1.26-rt29 #5
[    3.828007] Hardware name: Freescale S32V234 (DT)
[    3.833156] Call trace:
[    3.835829] [<ffffffc0000873d4>] dump_backtrace+0x0/0x104
[    3.841747] [<ffffffc0000874ec>] show_stack+0x14/0x1c
[    3.847269] [<ffffffc000466924>] dump_stack+0x84/0xa8
[    3.852800] [<ffffffc0000b184c>] __schedule_bug+0x90/0xa4
[    3.858712] [<ffffffc000467448>] __schedule+0x74/0x564
[    3.864339] [<ffffffc0004679c8>] schedule+0x90/0xb4
[    3.869681] [<ffffffc0000aded8>] kthreadd+0xa4/0x158
Starting udev
[    4.075838] udevd[524]: starting version 182
[    4.596380] Galcore version 6.2.2.93313
[    4.600413] BUG: scheduling while atomic: kthreadd/2/0x00000002
[    4.600505] cma: cma_alloc(cma ffffffc0006e2818, count 32768, align 8)
[    4.600510] cma: cma_alloc(): returned           (null)
[    4.600517] cma: cma_alloc(cma ffffffc0006e2818, count 31744, align 8)
[    4.600520] cma: cma_alloc(): returned           (null)
[    4.600525] cma: cma_alloc(cma ffffffc0006e2818, count 30720, align 8)
[    4.600528] cma: cma_alloc(): returned           (null)
[    4.600533] cma: cma_alloc(cma ffffffc0006e2818, count 29696, align 8)
[    4.600536] cma: cma_alloc(): returned           (null)
[    4.600541] cma: cma_alloc(cma ffffffc0006e2818, count 28672, align 8)
[    4.600543] cma: cma_alloc(): returned           (null)
[    4.600548] cma: cma_alloc(cma ffffffc0006e2818, count 27648, align 8)
[    4.600551] cma: cma_alloc(): returned           (null)
[    4.600556] cma: cma_alloc(cma ffffffc0006e2818, count 26624, align 8)
[    4.600559] cma: cma_alloc(): returned           (null)
[    4.600564] cma: cma_alloc(cma ffffffc0006e2818, count 25600, align 8)
[    4.600567] cma: cma_alloc(): returned           (null)
[    4.600572] cma: cma_alloc(cma ffffffc0006e2818, count 24576, align 8)
[    4.600574] cma: cma_alloc(): returned           (null)
[    4.600579] cma: cma_alloc(cma ffffffc0006e2818, count 23552, align 8)
[    4.600582] cma: cma_alloc(): returned           (null)
[    4.600587] cma: cma_alloc(cma ffffffc0006e2818, count 22528, align 8)
[    4.600590] cma: cma_alloc(): returned           (null)
[    4.600595] cma: cma_alloc(cma ffffffc0006e2818, count 21504, align 8)
[    4.600597] cma: cma_alloc(): returned           (null)
[    4.600602] cma: cma_alloc(cma ffffffc0006e2818, count 20480, align 8)
[    4.600605] cma: cma_alloc(): returned           (null)
[    4.600610] cma: cma_alloc(cma ffffffc0006e2818, count 19456, align 8)
[    4.600613] cma: cma_alloc(): returned           (null)
[    4.600618] cma: cma_alloc(cma ffffffc0006e2818, count 18432, align 8)
[    4.600620] cma: cma_alloc(): returned           (null)
[    4.600625] cma: cma_alloc(cma ffffffc0006e2818, count 17408, align 8)
[    4.600628] cma: cma_alloc(): returned           (null)
[    4.600633] cma: cma_alloc(cma ffffffc0006e2818, count 16384, align 8)
[    4.600636] cma: cma_alloc(): returned           (null)
[    4.600641] cma: cma_alloc(cma ffffffc0006e2818, count 15360, align 8)
[    4.600644] cma: cma_alloc(): returned           (null)
[    4.600649] cma: cma_alloc(cma ffffffc0006e2818, count 14336, align 8)
[    4.600651] cma: cma_alloc(): returned           (null)
[    4.600656] cma: cma_alloc(cma ffffffc0006e2818, count 13312, align 8)
[    4.600659] cma: cma_alloc(): returned           (null)
[    4.600664] cma: cma_alloc(cma ffffffc0006e2818, count 12288, align 8)
[    4.600667] cma: cma_alloc(): returned           (null)
[    4.600672] cma: cma_alloc(cma ffffffc0006e2818, count 11264, align 8)
[    4.600674] cma: cma_alloc(): returned           (null)
[    4.600679] cma: cma_alloc(cma ffffffc0006e2818, count 10240, align 8)
[    4.600682] cma: cma_alloc(): returned           (null)
[    4.600687] cma: cma_alloc(cma ffffffc0006e2818, count 9216, align 8)
[    4.600690] cma: cma_alloc(): returned           (null)
[    4.600695] cma: cma_alloc(cma ffffffc0006e2818, count 8192, align 8)
[    4.600698] cma: cma_alloc(): returned           (null)
[    4.600703] cma: cma_alloc(cma ffffffc0006e2818, count 7168, align 8)
[    4.608418] cma: cma_alloc(): returned ffffffbe01b93800
[    4.635373] cma: cma_alloc(cma ffffffc0006e2818, count 1, align 0)
[    4.635633] cma: cma_alloc(): returned ffffffbe01b916f8
[    4.635692] cma: cma_alloc(cma ffffffc0006e2818, count 16, align 4)
[    4.635748] cma: cma_alloc(): returned ffffffbe01b91f80
[    4.636941] cma: cma_alloc(cma ffffffc0006e2818, count 768, align 8)
[    4.637140] cma: cma_alloc(): returned ffffffbe01bf5800
[    4.652074] cma: cma_alloc(cma ffffffc0006e2818, count 1, align 0)
[    4.652271] cma: cma_alloc(): returned ffffffbe01b91730
[    4.652314] cma: cma_alloc(cma ffffffc0006e2818, count 1, align 0)
[    4.652380] cma: cma_alloc(): returned ffffffbe01b91768
[    4.652412] cma: cma_alloc(cma ffffffc0006e2818, count 1, align 0)
[    4.652465] cma: cma_alloc(): returned ffffffbe01b917a0
[    4.652496] cma: cma_alloc(cma ffffffc0006e2818, count 1, align 0)
[    4.652558] cma: cma_alloc(): returned ffffffbe01b917d8
[    4.652592] cma: cma_alloc(cma ffffffc0006e2818, count 1, align 0)
[    4.652654] cma: cma_alloc(): returned ffffffbe01b91810
[    4.652672] cma: cma_alloc(cma ffffffc0006e2818, count 1, align 0)
[    4.652723] cma: cma_alloc(): returned ffffffbe01b91848
[    5.053884] Modules linked in: galcore(O+)
[    5.058363] Preemption disabled at:[<ffffffc0000fe934>] kgdb_cpu_enter+0x158/0x54c
[    5.066672] 
[    5.068288] CPU: 2 PID: 2 Comm: kthreadd Tainted: G        W  O    4.1.26-rt29 #5
[    5.076484] Hardware name: Freescale S32V234 (DT)
[    5.081634] Call trace:
[    5.084310] [<ffffffc0000873d4>] dump_backtrace+0x0/0x104
[    5.090221] [<ffffffc0000874ec>] show_stack+0x14/0x1c
[    5.095754] [<ffffffc000466924>] dump_stack+0x84/0xa8
[    5.101284] [<ffffffc0000b184c>] __schedule_bug+0x90/0xa4
[    5.107196] [<ffffffc000467448>] __schedule+0x74/0x564
[    5.112822] [<ffffffc0004679c8>] schedule+0x90/0xb4
[    5.118165] [<ffffffc0000aded8>] kthreadd+0xa4/0x158
[    5.123678] BUG: scheduling while atomic: kthreadd/2/0x00000002
[    5.130113] Modules linked in: galcore(O)
[    5.134469] Preemption disabled at:[<ffffffc0000fe934>] kgdb_cpu_enter+0x158/0x54c
[    5.142766] 
[    5.144393] CPU: 3 PID: 2 Comm: kthreadd Tainted: G        W  O    4.1.26-rt29 #5
[    5.152591] Hardware name: Freescale S32V234 (DT)
[    5.157740] Call trace:
[    5.160415] [<ffffffc0000873d4>] dump_backtrace+0x0/0x104
[    5.166326] [<ffffffc0000874ec>] show_stack+0x14/0x1c
[    5.171859] [<ffffffc000466924>] dump_stack+0x84/0xa8
[    5.177390] [<ffffffc0000b184c>] __schedule_bug+0x90/0xa4
[    5.183302] [<ffffffc000467448>] __schedule+0x74/0x564
[    5.188928] [<ffffffc0004679c8>] schedule+0x90/0xb4
[    5.194270] [<ffffffc0000aded8>] kthreadd+0xa4/0x158
[    5.290351] OAL region successfully mapped 5000000@8B000000, Alignment: 0x1000
[    5.300644] OAL region successfully mapped 5000000@CB000000, Alignment: 0x1000
[    5.354559] OAL region successfully mapped 300000@3E800000, Alignment: 0x8
[    5.382750] OAL region successfully mapped 100000@3EB00000, Alignment: 0x8
[    5.438133] CSI: driver ready -> CSI0 = enabled | CSI1 = enabled.
[    5.495243] CGD: ready.
[    5.546863] SEQ: driver ready.
[    5.636221] FDMA: driver ready in Sequencer-based mode.
[    5.796439] H264Enc driver ready.
hwclock: Cannot access the Hardware Clock via any known method.
hwclock: Use the --debug option to see the details of our search for an access method.
Thu Jan  1 00:08:22 INIT: Entering runlevel: 5
Starting system message bus: [    6.251619] random: dbus-uuidgen urandom read with 25 bits of entropy available
done
/etc/init.d/rc: /etc/rc5.d/S99devipc.sh: line 3: /home/root/devipc_deamon: not found

Poky (Yocto Project Reference Distro) 1.8 rda600 /dev/ttyLF0

rda600 login: [  210.593572] random: nonblocking pool is initialized

Poky (Yocto Project Reference Distro) 1.8 rda600 /dev/ttyLF0

rda600 login: q
Password: 