[0.000000 0.000000] CPU:   NXP S32V234 V2.0 at 1000 MHz
[0.001295 0.001295] Reset cause: unknown reset
[0.004420 0.003125] Board: rda600
[0.005332 0.000912] DRAM:  2 GiB
[0.049128 0.043796] All (4) cores are up.
[0.051673 0.002545] MMC:   FSL_SDHC: 0
[0.218685 0.167012] In:    serial
[0.220484 0.001799] Out:   serial
[0.221393 0.000909] Err:   serial
[0.227542 0.006149] reading cse.bin
[0.240943 0.013401] 17408 bytes read
[0.245843 0.004900] Net:   
[0.252160 0.006317] Warning: System is using default MAC address. Please set a new value
[0.256435 0.004275] FEC
[0.257361 0.000926] 
[0.341675 0.084314] switch to partitions #0, OK
[0.344588 0.002913] mmc0 is current device
[0.435355 0.090767] reading uImage
[0.668666 0.233311] 2585011 bytes read in 233 ms (10.6 MiB/s)
[0.677115 0.008449] Booting from mmc ...
[0.684806 0.007691] reading rda600.dtb
[0.703054 0.018248] 20102 bytes read in 17 ms (1.1 MiB/s)
[0.706617 0.003563] ## Loading kernel from FIT Image at 81000000 ...
[0.710707 0.004090]    Using 'conf-1' configuration
[0.712629 0.001922]    Trying 'kernel' kernel subimage
[0.715469 0.002840]      Description:  RDA600 Linux kernel
[0.721565 0.006096]      Type:         Kernel Image
[0.722647 0.001082]      Compression:  lz4 compressed
[0.725437 0.002790]      Data Start:   0x810000e4
[0.727607 0.002170]      Data Size:    2563709 Bytes = 2.4 MiB
[0.732125 0.004518]      Architecture: AArch64
[0.735440 0.003315]      OS:           Linux
[0.736287 0.000847]      Load Address: 0x80080000
[0.739108 0.002821]      Entry Point:  0x80080000
[0.741479 0.002371]    Verifying Hash Integrity ... OK
[0.745232 0.003753]    Booting using the fdt blob at 0x82000000
[0.753960 0.008728]    Uncompressing Kernel Image ... OK
[1.148339 0.394379]    reserving fdt memory region: addr=80000000 size=10000
[1.153752 0.005413]    Loading Device Tree to 000000009fff8000, end 000000009ffffe85 ... OK
[1.204378 0.050626] 
[1.204521 0.000143] Starting kernel ...
[0.000160 0.000160] 
[0.593847 0.593687] INIT: version 2.88 booting
[0.843847 0.250000] Starting udev
[0.883034 0.039187] udev: Not using udev cache because of changes detected in the following files:
[0.893054 0.010020] udev:     /proc/version /proc/cmdline /proc/devices
[0.895813 0.002759] udev:     lib/udev/rules.d/* etc/udev/rules.d/*
[0.901027 0.005214] udev: The udev cache will be regenerated. To identify the detected changes,
[0.907979 0.006952] udev: compare the cached sysconf at   /etc/udev/cache.data
[0.913796 0.005817] udev: against the current sysconf at  /dev/shm/udev.cache
[2.109277 1.195481] urandom start: failed.
[2.114021 0.004744] Populating dev cache
[2.303016 0.188995] hwclock: Cannot access the HaINIT: Entering runlevel: 5
[2.320708 0.017692] Configuring network interfaces... done.
[2.473943 0.153235] Starting system message bus: done
[2.571093 0.097150] Starting internet superserver: xinetd.
[2.698703 0.127610] 
[2.707103 0.008400] Poky (Yocto Project Reference Distro) 1.8 s32v234evb /dev/ttyLF0
[2.714562 0.007459] 
[2.714578 0.000016] s32v234evb login: 