
[0.456007 0.091283] reading Image
[0.813863 0.357856] 4121264 bytes read in 358 ms (11 MiB/s)
[0.819143 0.005280] Booting from mmc ...
[0.826384 0.007241] reading rda600.dtb
[0.843297 0.016913] 20102 bytes read in 16 ms (1.2 MiB/s)
[0.847076 0.000089] #mn: [booti_start][703] enter
[0.863813 0.002657] #mn: [do_bootm_states][712] 
[0.868122 0.001721] #mn: [booti_start][722] 
[0.876819 0.000210] #mn: [booti_setup][680] ep:8007ffc0, dst:80080000
[0.880581 0.003762] #mn: [booti_setup][688] 
[1.465289 0.584708] #mn: [booti_setup][690] 
[1.477032 0.003081] #mn: [bootm_find_images][229] enter
[1.480538 0.003506] #mn: [boot_get_fdt][226] enter
[1.482642 0.002104] ## Flattened Device Tree blob at 82000000
[1.486632 0.003990]    Booting using the fdt blob at 0x82000000
[1.490864 0.004232] #mn: [do_bootm_states][596] enter
[1.503599 0.000120]    reserving fdt memory region: addr=80000000 size=10000
[1.507596 0.003997]    Loading Device Tree to 000000009fff8000, end 000000009ffffe85 ... OK
[1.558456 0.050860] #mn: [do_bootm_states][699] 
[1.562981 0.004525] 
[1.562999 0.000018] Starting kernel ...

====================================================
[0.000000 0.000000] CPU:   NXP S32V234 V2.0 at 1000 MHz
[0.004246 0.004246] Reset cause: unknown reset
[0.006242 0.001996] Board: rda600
[0.006963 0.000721] DRAM:  2 GiB
[0.048918 0.041955] All (4) cores are up.
[0.050987 0.002069] MMC:   FSL_SDHC: 0
[0.244844 0.193857] In:    serial
[0.248957 0.004113] Out:   serial
[0.249352 0.000395] Err:   serial
[0.249721 0.000369] reading cse.bin
[0.259248 0.009527] 17408 bytes read
[0.264704 0.005456] Net:   
[0.269356 0.004652] Warning: System is using default MAC address. Please set a new value
[0.275076 0.005720] FEC
[0.277012 0.001936] Hit any key to stop autoboot:  0 
[0.363631 0.086619] switch to partitions #0, OK
[0.366716 0.003085] mmc0 is current device
[0.457225 0.090509] reading Image
[0.814120 0.356895] 4121264 bytes read in 357 ms (11 MiB/s)
[0.818898 0.004778] Booting from mmc ...
[0.826860 0.007962] reading rda600.dtb
[0.843338 0.016478] 20102 bytes read in 17 ms (1.1 MiB/s)
[0.846946 0.003608] ...
[0.847821 0.000875] ## Flattened Device Tree blob at 82000000
[0.850863 0.003042]    Booting using the fdt blob at 0x82000000
[0.857279 0.006416]    reserving fdt memory region: addr=80000000 size=10000
[0.863946 0.006667]    Loading Device Tree to 000000009fff8000, end 000000009ffffe85 ... OK
[0.908921 0.044975] 
[0.908980 0.000059] Starting kernel ...
[0.002208 0.002208] 
[0.594818 0.592610] INIT: version 2.88 booting
[0.842978 0.248160] Starting udev
[0.884363 0.041385] udev: Not using udev cache because of changes detected in the following files:
[0.891087 0.006724] udev:     /proc/version /proc/cmdline /proc/devices
[0.896076 0.004989] udev:     lib/udev/rules.d/* etc/udev/rules.d/*
[0.903621 0.007545] udev: The udev cache will be regenerated. To identify the detected changes,
[0.908053 0.004432] udev: compare the cached sysconf at   /etc/udev/cache.data
[0.914359 0.006306] udev: against the current sysconf at  /dev/shm/udev.cache
[2.226442 1.312083] urandom start: failed.
[2.231500 0.005058] Populating dev cache
[2.422082 0.190582] hwclock: Cannot access the HarINIT: Entering runlevel: 5
[2.435166 0.013084] Configuring network interfaces... done.
[2.593607 0.158441] Starting system message bus: done
[2.692507 0.098900] Starting internet superserver: xinetd.
[2.822008 0.129501] 
[2.827792 0.005784] Poky (Yocto Project Reference Distro) 1.8 s32v234evb /dev/ttyLF0
[2.834988 0.007196] 
[2.835045 0.000057] s32v234evb login: 
