[0.000001 0.000001] CPU:   NXP S32V234 V2.0 at 1000 MHz
[0.002939 0.002938] Reset cause: unknown reset
[0.008641 0.005702] Board: rda600
[0.008798 0.000157] DRAM:  2 GiB
[0.052185 0.043387] All (4) cores are up.
[0.052731 0.000546] MMC:   FSL_SDHC: 0
[0.159119 0.106388] In:    serial
[0.159283 0.000164] Out:   serial
[0.159353 0.000070] Err:   serial
[0.169452 0.010099] reading cse.bin
[0.181367 0.011915] 17408 bytes read
[0.185515 0.004148] 
[0.271322 0.085807] switch to partitions #0, OK
[0.271544 0.000222] mmc0 is current device
[0.366925 0.095381] reading Image
[0.981815 0.614890] 7177056 bytes read in 616 ms (11.1 MiB/s)
[0.986440 0.004625] Booting from mmc ...
[0.996977 0.010537] reading rda600.dtb
[1.012085 0.015108] 23363 bytes read in 16 ms (1.4 MiB/s)
[1.904978 0.892893] ## Flattened Device Tree blob at 82000000
[1.908102 0.003124]    Booting using the fdt blob at 0x82000000
[1.910653 0.002551]    reserving fdt memory region: addr=80000000 size=10000
[1.916158 0.005505]    Loading Device Tree to 000000009fff7000, end 000000009ffffb42 ... OK
[1.974040 0.057882] 
[1.974116 0.000076] Starting kernel ...
[0.000330 0.000330] 
[0.370996 0.370666] [    0.000000] Booting Linux on physical CPU 0x0
[0.374062 0.003066] [    0.000000] Initializing cgroup subsys cpu
[0.380670 0.006608] [    0.000000] Linux version 4.1.26-rt29 (mlinux@mlinux) (gcc version 4.9.3 20150413 (prerelease) (Linaro GCC 4.9-2015.05) ) #1 SMP PREEMPT Fri May 18 17:10:22 CST 2018
[0.396096 0.015426] [    0.000000] CPU: AArch64 Processor [410fd034] revision 4
[0.402804 0.006708] [    0.000000] Detected VIPT I-cache on CPU0
[0.405265 0.002461] [    0.000000] alternatives: enabling workaround for ARM erratum 845719
[0.411286 0.006021] [    0.000000] cma: Reserved 32 MiB at 0x00000000fe000000
[0.417911 0.006625] [    0.000000] PERCPU: Embedded 15 pages/cpu @ffffffc07df96000 s23616 r8192 d29632 u61440
[0.427384 0.009473] [    0.000000] Built 1 zonelists in Zone order, mobility grouping on.  Total pages: 471670
[0.436226 0.008842] [    0.000000] Kernel command line: console=ttyLF0,115200 root=/dev/mmcblk0p2 rootwait rw
[0.445672 0.009446] [    0.000000] PID hash table entries: 4096 (order: 3, 32768 bytes)
[0.452483 0.006811] [    0.000000] Dentry cache hash table entries: 262144 (order: 9, 2097152 bytes)
[0.460679 0.008196] [    0.000000] Inode-cache hash table entries: 131072 (order: 8, 1048576 bytes)
[0.467263 0.006584] [    0.000000] software IO TLB [mem 0xf7a00000-0xfba00000] (64MB) mapped at [ffffffc077a00000-ffffffc07b9fffff]
[0.481807 0.014544] [    0.000000] Memory: 1774384K/1912832K available (4807K kernel code, 276K rwdata, 1696K rodata, 212K init, 401K bss, 105680K reserved, 32768K cma-reserved)
[0.494649 0.012842] [    0.000000] Virtual kernel memory layout:
[0.497701 0.003052] [    0.000000]     vmalloc : 0xffffff8000000000 - 0xffffffbdffff0000   (   247 GB)
[0.507091 0.009390] [    0.000000]     vmemmap : 0xffffffbe00000000 - 0xffffffbfc0000000   (     7 GB maximum)
[0.516316 0.009225] [    0.000000]               0xffffffbe00000000 - 0xffffffbe01c00000   (    28 MB actual)
[0.525874 0.009558] [    0.000000]     fixed   : 0xffffffbffabfd000 - 0xffffffbffac00000   (    12 KB)
[0.531400 0.005526] [    0.000000]     PCI I/O : 0xffffffbffae00000 - 0xffffffbffbe00000   (    16 MB)
[0.540748 0.009348] [    0.000000]     modules : 0xffffffbffc000000 - 0xffffffc000000000   (    64 MB)
[0.547103 0.006355] [    0.000000]     memory  : 0xffffffc000000000 - 0xffffffc080000000   (  2048 MB)
[0.556274 0.009171] [    0.000000]       .init : 0xffffffc0006db000 - 0xffffffc000710000   (   212 KB)
[0.567556 0.011282] [    0.000000]       .text : 0xffffffc000080000 - 0xffffffc0006da544   (  6506 KB)
[0.572437 0.004881] [    0.000000]       .data : 0xffffffc000713000 - 0xffffffc000758360   (   277 KB)
[0.580889 0.008452] [    0.000000] Preemptible hierarchical RCU implementation.
[0.586954 0.006065] [    0.000000] 	RCU dyntick-idle grace-period acceleration is enabled.
[0.593589 0.006635] [    0.000000] 	Additional per-CPU info printed with stalls.
[0.599997 0.006408] [    0.000000] NR_IRQS:64 nr_irqs:64 0
[0.602710 0.002713] [    0.000000] Architected cp15 timer(s) running at 10.00MHz (virt).
[0.609499 0.006789] [    0.000000] clocksource arch_sys_counter: mask: 0xffffffffffffff max_cycles: 0x24e6a1710, max_idle_ns: 440795202120 ns
[0.620851 0.011352] [    0.000004] sched_clock: 56 bits at 10MHz, resolution 100ns, wraps every 4398046511100ns
[0.630120 0.009269] [    0.000355] Console: colour dummy device 80x25
[0.636637 0.006517] [    0.000367] Calibrating delay loop (skipped), value calculated using timer frequency.. 20.00 BogoMIPS (lpj=100000)
[0.645695 0.009058] [    0.000376] pid_max: default: 32768 minimum: 301
[0.652329 0.006634] [    0.000465] Security Framework initialized
[0.657754 0.005425] [    0.000514] Mount-cache hash table entries: 4096 (order: 3, 32768 bytes)
[0.664285 0.006531] [    0.000522] Mountpoint-cache hash table entries: 4096 (order: 3, 32768 bytes)
[0.670749 0.006464] [    0.001198] hw perfevents: enabled with arm/armv8-pmuv3 PMU driver, 7 counters available
[0.679557 0.008808] [    0.080331] CPU1: Booted secondary processor
[0.685765 0.006208] [    0.080336] Detected VIPT I-cache on CPU1
[0.690656 0.004891] [    0.100321] CPU2: Booted secondary processor
[0.695509 0.004853] [    0.100328] Detected VIPT I-cache on CPU2
[0.699492 0.003983] [    0.120326] CPU3: Booted secondary processor
[0.704089 0.004597] [    0.120329] Detected VIPT I-cache on CPU3
[0.707249 0.003160] [    0.120404] Brought up 4 CPUs
[0.710273 0.003024] [    0.120425] SMP: Total of 4 processors activated.
[0.716739 0.006466] [    0.120430] CPU: All CPU(s) started at EL1
[0.722469 0.005730] [    0.120459] alternatives: patching kernel code
[0.725852 0.003383] [    0.121103] devtmpfs: initialized
[0.729531 0.003679] [    0.125920] clocksource jiffies: mask: 0xffffffff max_cycles: 0xffffffff, max_idle_ns: 19112604462750000 ns
[0.741686 0.012155] [    0.127395] pinctrl core: initialized pinctrl subsystem
[0.747830 0.006144] [    0.128269] NET: Registered protocol family 16
[0.751302 0.003472] [    0.150102] cpuidle: using governor ladder
[0.757181 0.005879] [    0.190431] cpuidle: using governor menu
[0.759970 0.002789] [    0.190522] vdso: 2 pages (1 code @ ffffffc000719000, 1 data @ ffffffc000718000)
[0.769091 0.009121] [    0.190613] hw-breakpoint: found 6 breakpoint and 4 watchpoint registers.
[0.775827 0.006736] [    0.192278] DMA: preallocated 256 KiB pool for atomic allocations
[0.781832 0.006005] [    0.208032] ACPI: Interpreter disabled.
[0.789716 0.007884] [    0.211482] vgaarb: loaded
[0.790733 0.001017] [    0.211900] imx-i2c 40051000.i2c: could not find pctldev for node /soc/aips-bus@40000000/siul2/siul2-pinctrl@4006C000/s32v234-evb/i2c0grp, deferring probe
[0.807021 0.016288] [    0.211998] imx-i2c 400b8000.i2c: could not find pctldev for node /soc/aips-bus@40000000/siul2/siul2-pinctrl@4006C000/s32v234-evb/i2c1grp, deferring probe
[0.821914 0.014893] [    0.212025] imx-i2c 400ba000.i2c: could not find pctldev for node /soc/aips-bus@40000000/siul2/siul2-pinctrl@4006C000/s32v234-evb/i2c2grp, deferring probe
[0.839567 0.017653] [    0.212150] pps_core: LinuxPPS API ver. 1 registered
[0.840173 0.000606] [    0.212156] pps_core: Software ver. 5.3.6 - Copyright 2005-2007 Rodolfo Giometti <giometti@linux.it>
[0.853202 0.013029] [    0.212198] PTP clock support registered
[0.856476 0.003274] [    0.213183] Switched to clocksource arch_sys_counter
[0.862431 0.005955] [    0.213986] pnp: PnP ACPI: disabled
[0.865204 0.002773] [    0.222524] NET: Registered protocol family 2
[0.871144 0.005940] [    0.223080] TCP established hash table entries: 16384 (order: 5, 131072 bytes)
[0.877903 0.006759] [    0.223287] TCP bind hash table entries: 16384 (order: 6, 262144 bytes)
[0.886591 0.008688] [    0.223578] TCP: Hash tables configured (established 16384 bind 16384)
[0.894147 0.007556] [    0.223663] UDP hash table entries: 1024 (order: 3, 32768 bytes)
[0.899190 0.005043] [    0.223716] UDP-Lite hash table entries: 1024 (order: 3, 32768 bytes)
[0.908125 0.008935] [    0.223989] NET: Registered protocol family 1
[0.911735 0.003610] [    0.224292] RPC: Registered named UNIX socket transport module.
[0.917524 0.005789] [    0.224298] RPC: Registered udp transport module.
[0.923905 0.006381] [    0.224303] RPC: Registered tcp transport module.
[0.929846 0.005941] [    0.224308] RPC: Registered tcp NFSv4.1 backchannel transport module.
[0.936149 0.006303] [    0.225898] futex hash table entries: 1024 (order: 4, 65536 bytes)
[0.943609 0.007460] [    0.226785] HugeTLB registered 2 MB page size, pre-allocated 0 pages
[0.948920 0.005311] [    0.228680] fuse init (API version 7.23)
[0.955957 0.007037] [    0.229712] Block layer SCSI generic (bsg) driver version 0.4 loaded (major 251)
[0.961080 0.005123] [    0.229739] io scheduler noop registered
[0.967289 0.006209] [    0.229763] io scheduler deadline registered
[0.970424 0.003135] [    0.229821] io scheduler cfq registered (default)
[0.976161 0.005737] [    0.230357] s32v234-siul2-pinctrl 4006c240.siul2-pinctrl: initialized s32 pinctrl driver
[0.986111 0.009950] [    0.233273] fsl_dcu 40028000.dcu: DCU: surface memory space is [0xC0000000, 0xC1000000].
[0.995061 0.008950] [    0.234198] fsl_dcu 40028000.dcu: Selected video mode on </dev/fb0> : <1920 x 1080>
[1.003834 0.008773] [    0.234554] fsl_dcu 40028000.dcu: Selected video mode on </dev/fb1> : <1920 x 1080>
[1.010307 0.006473] [    0.234902] fsl_dcu 40028000.dcu: Selected video mode on </dev/fb2> : <1920 x 1080>
[1.020052 0.009745] [    0.235263] fsl_dcu 40028000.dcu: Selected video mode on </dev/fb3> : <1920 x 1080>
[1.028780 0.008728] [    0.235605] fsl_dcu 40028000.dcu: Selected video mode on </dev/fb4> : <1920 x 1080>
[1.038106 0.009326] [    0.235951] fsl_dcu 40028000.dcu: Selected video mode on </dev/fb5> : <1920 x 1080>
[1.044477 0.006371] [    0.236297] fsl_dcu 40028000.dcu: Selected video mode on </dev/fb6> : <1920 x 1080>
[1.053319 0.008842] [    0.236648] fsl_dcu 40028000.dcu: Selected video mode on </dev/fb7> : <1920 x 1080>
[1.062651 0.009332] [    0.237628] 40053000.serial: ttyLF0 at MMIO 0x40053000 (irq = 23, base_baud = 4166666) is a FSL_LINFLEX
[1.073019 0.010368] [    0.940834] console [ttyLF0] enabled
[1.078473 0.005454] [    0.945331] 400bc000.serial: ttyLF1 at MMIO 0x400bc000 (irq = 43, base_baud = 4166666) is a FSL_LINFLEX
[1.091138 0.012665] [    0.956348] Unable to detect cache hierarcy from DT for CPU 0
[1.100545 0.009407] [    0.966782] loop: module loaded
[1.106773 0.006228] [    0.972664] libphy: Fixed MDIO Bus: probed
[1.110315 0.003542] [    0.977721] tun: Universal TUN/TAP device driver, 1.6
[1.115969 0.005654] [    0.983366] tun: (C) 1999-2004 Max Krasnyansky <maxk@qualcomm.com>
[1.122366 0.006397] [    0.990455] vcan: Virtual CAN interface driver
[1.128376 0.006010] [    0.995413] slcan: serial line CAN interface driver
[1.133476 0.005100] [    1.000806] slcan: 10 dynamic interface channels.
[1.137718 0.004242] [    1.006045] CAN device driver interface
[1.141647 0.003929] [    1.011090] flexcan 40055000.flexcan: device registered (reg_base=ffffff8000076000, irq=24)
[1.153950 0.012303] [    1.021091] flexcan 400be000.flexcan: device registered (reg_base=ffffff8000078000, irq=44)
[1.161810 0.007860] [    1.031015] pps pps0: new PPS source ptp0
[1.169546 0.007736] [    1.036565] fec 40032000.ethernet (unnamed net_device) (uninitialized): Invalid MAC address: 00:00:00:00:00:00
[1.178088 0.008542] [    1.047703] fec 40032000.ethernet (unnamed net_device) (uninitialized): Using random MAC address: be:9d:6d:d4:9c:19
[1.191833 0.013745] [    1.060055] libphy: fec_enet_mii_bus: probed
[1.198985 0.007152] [    1.066423] fec 40032000.ethernet eth0: registered PHC device 0
[1.206804 0.007819] [    1.073857] input: beeper as /devices/platform/beeper/input/input0
[1.213762 0.006958] [    1.081079] i2c /dev entries driver
[1.216709 0.002947] [    1.085702] sac58r-wdt 4000a000.swt: SAC58R/S32V234 Watchdog Timer Registered. timeout=30s (nowayout=0)
[1.230251 0.013542] [    1.096357] sdhci: Secure Digital Host Controller Interface driver
[1.236488 0.006237] [    1.103215] sdhci: Copyright(c) Pierre Ossman
[1.238387 0.001899] [    1.108051] sdhci-pltfm: SDHCI platform and OF driver helper
[1.248332 0.009945] [    1.115080] /soc/aips-bus@40000000/usdhc@4005D000: voltage-ranges unspecified
[1.255994 0.007662] [    1.123236] sdhci-esdhc-imx 4005d000.usdhc: No vmmc regulator found
[1.261123 0.005129] [    1.130171] sdhci-esdhc-imx 4005d000.usdhc: No vqmmc regulator found
[1.306591 0.045468] [    1.173222] mmc0: SDHCI controller on 4005d000.usdhc [4005d000.usdhc] using ADMA
[1.313643 0.007052] [    1.182199] NET: Registered protocol family 10
[1.320981 0.007338] [    1.188430] sit: IPv6 over IPv4 tunneling driver
[1.325732 0.004751] [    1.194119] NET: Registered protocol family 17
[1.332003 0.006271] [    1.199064] can: controller area network core (rev 20120528 abi 9)
[1.337220 0.005217] [    1.205984] NET: Registered protocol family 29
[1.344038 0.006818] [    1.210955] can: raw protocol (rev 20120528)
[1.347163 0.003125] [    1.215710] can: broadcast manager protocol (rev 20120528 t)
[1.352741 0.005578] [    1.220715] mmc0: host does not support reading read-only switch, assuming write-enable
[1.362234 0.009493] [    1.226677] mmc0: new high speed SDHC card at address 0001
[1.368023 0.005789] [    1.227036] mmcblk0: mmc0:0001 SD8GB 7.44 GiB 
[1.375472 0.007449] [    1.228148]  mmcblk0: p1 p2
[1.377292 0.001820] [    1.244965] can: netlink gateway (rev 20130117) max_hops=1
[1.383772 0.006480] [    1.251107] Key type dns_resolver registered
[1.387641 0.003869] [    1.256578] registered taskstats version 1
[1.395543 0.007902] [    1.262263] i2c i2c-0: IMX I2C adapter registered
[1.398066 0.002523] [    1.267563] i2c i2c-0: using dma0chan2 (tx) and dma0chan3 (rx) for DMA transfers
[1.413433 0.015367] [    1.279215] Sii902x: read id = 0xB0-0x02-0x03-0x00
[1.458034 0.044601] [    1.324190] i2c i2c-1: IMX I2C adapter registered
[1.460676 0.002642] [    1.329427] i2c i2c-1: using dma0chan18 (tx) and dma0chan19 (rx) for DMA transfers
[1.470362 0.009686] [    1.338381] i2c i2c-2: IMX I2C adapter registered
[1.477196 0.006834] [    1.343642] i2c i2c-2: using dma0chan20 (tx) and dma0chan21 (rx) for DMA transfers
[1.502470 0.025274] [    1.369065] kjournald starting.  Commit interval 5 seconds
[1.505888 0.003418] [    1.374790] EXT3-fs (mmcblk0p2): using internal journal
[1.511729 0.005841] [    1.380432] EXT3-fs (mmcblk0p2): recovery complete
[1.519017 0.007288] [    1.385694] EXT3-fs (mmcblk0p2): mounted filesystem with ordered data mode
[1.526722 0.007705] [    1.393250] VFS: Mounted root (ext3 filesystem) on device 179:2.
[1.535453 0.008731] [    1.402111] devtmpfs: mounted
[1.538712 0.003259] [    1.405149] Freeing unused kernel memory: 212K (ffffffc0006db000 - ffffffc000710000)
[1.544727 0.006015] [    1.413521] Freeing alternatives memory: 4K (ffffffc000710000 - ffffffc000711000)
[1.648509 0.103782] INIT: version 2.88 booting
[1.902435 0.253926] Starting udev
[1.942740 0.040305] udev: Not using udev cache because of changes detected in the following files:
[1.948590 0.005850] udev:     /proc/version /proc/cmdline /proc/devices
[1.954647 0.006057] udev:     lib/udev/rules.d/* etc/udev/rules.d/*
[1.958159 0.003512] udev: The udev cache will be regenerated. To identify the detected changes,
[1.968443 0.010284] udev: compare the cached sysconf at   /etc/udev/cache.data
[1.970033 0.001590] udev: against the current sysconf at  /dev/shm/udev.cache
[2.010557 0.040524] [    1.876601] udevd[579]: starting version 182
[2.445912 0.435355] [    2.312731] s32v234-siul2-pinctrl 4006c240.siul2-pinctrl: pin S32V234_MSCR_PF3 already requested by beeper; cannot claim for 400d0000.viulite1
[2.458165 0.012253] [    2.326458] s32v234-siul2-pinctrl 4006c240.siul2-pinctrl: pin-83 (400d0000.viulite1) status -22
[2.467328 0.009163] [    2.335942] s32v234-siul2-pinctrl 4006c240.siul2-pinctrl: could not request pin 83 (S32V234_MSCR_PF3) from group viulite1grp  on device 4006c240.siul2-pinctrl
[2.483084 0.015756] [    2.351485] viulite 400d0000.viulite1: Error applying setting, reverse things back
[2.598519 0.115435] [    2.465099] OAL region successfully mapped 5000000@8B000000, Alignment: 0x1000
[2.608460 0.009941] [    2.475490] OAL region successfully mapped 5000000@CB000000, Alignment: 0x1000
[2.662641 0.054181] [    2.529422] OAL region successfully mapped 300000@3E800000, Alignment: 0x8
[2.690992 0.028351] [    2.557737] OAL region successfully mapped 100000@3EB00000, Alignment: 0x8
[2.747419 0.056427] [    2.614226] CSI: driver ready -> CSI0 = enabled | CSI1 = enabled.
[2.808876 0.061457] [    2.673994] CGD: ready.
[2.862834 0.053958] [    2.729463] SEQ: driver ready.
[2.956672 0.093838] [    2.823450] FDMA: driver ready in Sequencer-based mode.
[3.116861 0.160189] [    2.983656] H264Enc driver ready.
[3.291420 0.174559] urandom start: failed.
[3.296043 0.004623] Populating dev cache
[3.485309 0.189266] hwclock: Cannot access the HaINIT: Entering runlevel: 5
[3.499935 0.014626] Configuring network interfaces... [    3.483303] fec 40032000.ethernet eth0: Freescale FEC PHY driver [Micrel KSZ9031 Gigabit PHY] (mii_bus:phy_addr=40032000.etherne:03, irq=-1)
[3.628979 0.129044] [    3.497326] IPv6: ADDRCONF(NETDEV_UP): eth0: link is not ready
[3.661586 0.032607] done.
[3.671371 0.009785] Starting system message bus: [    3.557737] random: dbus-uuidgen urandom read with 23 bits of entropy available
[3.752202 0.080831] done
[3.774075 0.021873] Starting internet superserver: xinetd.
[3.900849 0.126774] 
[3.910437 0.009588] Poky (Yocto Project Reference Distro) 1.8 s32v234evb /dev/ttyLF0
[3.918602 0.008165] 
[3.918665 0.000063] s32v234evb login: [    8.483918] fec 40032000.ethernet eth0: Link is Up - 1Gbps/Full - flow control rx/tx
[8.623385 4.704720] [    8.492054] IPv6: ADDRCONF(NETDEV_CHANGE): eth0: link becomes ready
[28.421024 19.797639]  
